// Jest Snapshot v1, https://goo.gl/fbAQLP

exports[`StepCard NordicStepCard 1`] = `null`;

exports[`StepCard StudioStepCard 1`] = `null`;
